c:\users\lenovo\desktop\university\лабораторные работы\сп\лабораторная работа №4\lab01\os13_create\x64\debug\vc143.pdb
c:\users\lenovo\desktop\university\лабораторные работы\сп\лабораторная работа №4\lab01\os13_create\x64\debug\vc143.idb
c:\users\lenovo\desktop\university\лабораторные работы\сп\лабораторная работа №4\lab01\os13_create\x64\debug\os13_create.obj
c:\users\lenovo\desktop\university\лабораторные работы\сп\лабораторная работа №4\lab01\x64\debug\os13_create.exe
c:\users\lenovo\desktop\university\лабораторные работы\сп\лабораторная работа №4\lab01\x64\debug\os13_create.pdb
c:\users\lenovo\desktop\university\лабораторные работы\сп\лабораторная работа №4\lab01\os13_create\x64\debug\os13_create.ilk
d:\programming\sp\лабораторная работа №4\lab01\os13_create\x64\debug\os13_create.obj
d:\programming\sp\лабораторная работа №4\lab01\os13_create\x64\debug\os13_create.ilk
d:\programming\sp\лабораторная работа №4\lab01\os13_create\x64\debug\vc143.idb
d:\programming\sp\лабораторная работа №4\lab01\os13_create\x64\debug\vc143.pdb
d:\programming\sp\лабораторная работа №4\lab01\x64\debug\os13_create.pdb
d:\programming\sp\лабораторная работа №4\lab01\x64\debug\os13_create.exe
d:\programming\sp\лабораторная работа №4\lab01\os13_create\x64\debug\os13_create.tlog\cl.command.1.tlog
d:\programming\sp\лабораторная работа №4\lab01\os13_create\x64\debug\os13_create.tlog\cl.items.tlog
d:\programming\sp\лабораторная работа №4\lab01\os13_create\x64\debug\os13_create.tlog\cl.read.1.tlog
d:\programming\sp\лабораторная работа №4\lab01\os13_create\x64\debug\os13_create.tlog\cl.write.1.tlog
d:\programming\sp\лабораторная работа №4\lab01\os13_create\x64\debug\os13_create.tlog\link.command.1.tlog
d:\programming\sp\лабораторная работа №4\lab01\os13_create\x64\debug\os13_create.tlog\link.read.1.tlog
d:\programming\sp\лабораторная работа №4\lab01\os13_create\x64\debug\os13_create.tlog\link.secondary.1.tlog
d:\programming\sp\лабораторная работа №4\lab01\os13_create\x64\debug\os13_create.tlog\link.write.1.tlog
