d:\yes\уник\3 курс\5 семестр\окг\лабы\8\lab8\lab01\x64\debug\vc143.pdb
d:\yes\уник\3 курс\5 семестр\окг\лабы\8\lab8\lab01\x64\debug\vc143.idb
d:\yes\уник\3 курс\5 семестр\окг\лабы\8\lab8\lab01\x64\debug\libsurface.obj
d:\yes\уник\3 курс\5 семестр\окг\лабы\8\lab8\lab01\x64\debug\childview.obj
d:\yes\уник\3 курс\5 семестр\окг\лабы\8\lab8\lab01\x64\debug\lab06.pch
d:\yes\уник\3 курс\5 семестр\окг\лабы\8\lab8\lab01\x64\debug\stdafx.obj
d:\yes\уник\3 курс\5 семестр\окг\лабы\8\lab8\lab01\x64\debug\mainfrm.obj
d:\yes\уник\3 курс\5 семестр\окг\лабы\8\lab8\lab01\x64\debug\libgraph.obj
d:\yes\уник\3 курс\5 семестр\окг\лабы\8\lab8\lab01\x64\debug\lab06.obj
d:\yes\уник\3 курс\5 семестр\окг\лабы\8\lab8\lab01\x64\debug\cmatrix.obj
c:\users\tin\downloads\ayugram desktop\окг_женя\окг\lab8\x64\debug\lab06.exe
c:\users\tin\downloads\ayugram desktop\окг_женя\окг\lab8\x64\debug\lab06.pdb
d:\yes\уник\3 курс\5 семестр\окг\лабы\8\lab8\x64\debug\lab06.exe
d:\yes\уник\3 курс\5 семестр\окг\лабы\8\lab8\x64\debug\lab06.pdb
c:\users\tin\downloads\ayugram desktop\окг_женя\окг\lab8\lab01\x64\debug\lab01.res
d:\yes\уник\3 курс\5 семестр\окг\лабы\8\lab8\lab01\x64\debug\lab01.res
d:\yes\уник\3 курс\5 семестр\окг\лабы\8\lab8\lab01\x64\debug\lab06.ilk
d:\yes\уник\3 курс\5 семестр\окг\лабы\8\lab8\lab01\x64\debug\lab06.tlog\cl.command.1.tlog
d:\yes\уник\3 курс\5 семестр\окг\лабы\8\lab8\lab01\x64\debug\lab06.tlog\cl.items.tlog
d:\yes\уник\3 курс\5 семестр\окг\лабы\8\lab8\lab01\x64\debug\lab06.tlog\cl.read.1.tlog
d:\yes\уник\3 курс\5 семестр\окг\лабы\8\lab8\lab01\x64\debug\lab06.tlog\cl.write.1.tlog
d:\yes\уник\3 курс\5 семестр\окг\лабы\8\lab8\lab01\x64\debug\lab06.tlog\link.command.1.tlog
d:\yes\уник\3 курс\5 семестр\окг\лабы\8\lab8\lab01\x64\debug\lab06.tlog\link.read.1.tlog
d:\yes\уник\3 курс\5 семестр\окг\лабы\8\lab8\lab01\x64\debug\lab06.tlog\link.secondary.1.tlog
d:\yes\уник\3 курс\5 семестр\окг\лабы\8\lab8\lab01\x64\debug\lab06.tlog\link.write.1.tlog
d:\yes\уник\3 курс\5 семестр\окг\лабы\8\lab8\lab01\x64\debug\lab06.tlog\rc.command.1.tlog
d:\yes\уник\3 курс\5 семестр\окг\лабы\8\lab8\lab01\x64\debug\lab06.tlog\rc.read.1.tlog
d:\yes\уник\3 курс\5 семестр\окг\лабы\8\lab8\lab01\x64\debug\lab06.tlog\rc.write.1.tlog
