c:\users\bubblechuk\desktop\servert\servicelibrary\x64\debug\servicelibrary.pch
c:\users\bubblechuk\desktop\servert\servicelibrary\x64\debug\vc143.pdb
c:\users\bubblechuk\desktop\servert\servicelibrary\x64\debug\vc143.idb
c:\users\bubblechuk\desktop\servert\servicelibrary\x64\debug\pch.obj
c:\users\bubblechuk\desktop\servert\servicelibrary\x64\debug\prototypeservice.obj
c:\users\bubblechuk\desktop\servert\servicelibrary\x64\debug\dllmain.obj
c:\users\bubblechuk\desktop\servert\servicelibrary\x64\debug\definetableservice.obj
c:\users\bubblechuk\desktop\servert\x64\debug\servicelibrary.dll
c:\users\bubblechuk\desktop\servert\x64\debug\servicelibrary.pdb
c:\users\bubblechuk\desktop\servert\x64\debug\servicelibrary.lib
c:\users\bubblechuk\desktop\servert\x64\debug\servicelibrary.exp
c:\users\bubblechuk\desktop\servert\servicelibrary\x64\debug\servicelibrary.ilk
c:\users\bubblechuk\desktop\servert\servicelibrary\x64\debug\servicelibrary.tlog\cl.command.1.tlog
c:\users\bubblechuk\desktop\servert\servicelibrary\x64\debug\servicelibrary.tlog\cl.items.tlog
c:\users\bubblechuk\desktop\servert\servicelibrary\x64\debug\servicelibrary.tlog\cl.read.1.tlog
c:\users\bubblechuk\desktop\servert\servicelibrary\x64\debug\servicelibrary.tlog\cl.write.1.tlog
c:\users\bubblechuk\desktop\servert\servicelibrary\x64\debug\servicelibrary.tlog\link.command.1.tlog
c:\users\bubblechuk\desktop\servert\servicelibrary\x64\debug\servicelibrary.tlog\link.read.1.tlog
c:\users\bubblechuk\desktop\servert\servicelibrary\x64\debug\servicelibrary.tlog\link.secondary.1.tlog
c:\users\bubblechuk\desktop\servert\servicelibrary\x64\debug\servicelibrary.tlog\link.write.1.tlog
