d:\programming\sp\лабораторная работа №4\lab01\os13_htcom\x64\debug\os13_htcom.pch
d:\programming\sp\лабораторная работа №4\lab01\os13_htcom\x64\debug\vc145.pdb
d:\programming\sp\лабораторная работа №4\lab01\os13_htcom\x64\debug\vc145.idb
d:\programming\sp\лабораторная работа №4\lab01\os13_htcom\x64\debug\pch.obj
d:\programming\sp\лабораторная работа №4\lab01\os13_htcom\x64\debug\registry.obj
d:\programming\sp\лабораторная работа №4\lab01\os13_htcom\x64\debug\os13_htcom.obj
d:\programming\sp\лабораторная работа №4\lab01\x64\debug\os13_htcom.dll
d:\programming\sp\лабораторная работа №4\lab01\x64\debug\os13_htcom.pdb
d:\programming\sp\лабораторная работа №4\lab01\x64\debug\os13_htcom.lib
d:\programming\sp\лабораторная работа №4\lab01\x64\debug\os13_htcom.exp
d:\programming\sp\лабораторная работа №4\lab01\os13_htcom\x64\debug\os13_htcom.ilk
d:\programming\sp\лабораторная работа №4\lab01\os13_htcom\x64\debug\vc143.idb
d:\programming\sp\лабораторная работа №4\lab01\os13_htcom\x64\debug\vc143.pdb
d:\programming\sp\лабораторная работа №4\lab01\os13_htcom\x64\debug\os13_htcom.tlog\cl.command.1.tlog
d:\programming\sp\лабораторная работа №4\lab01\os13_htcom\x64\debug\os13_htcom.tlog\cl.items.tlog
d:\programming\sp\лабораторная работа №4\lab01\os13_htcom\x64\debug\os13_htcom.tlog\cl.read.1.tlog
d:\programming\sp\лабораторная работа №4\lab01\os13_htcom\x64\debug\os13_htcom.tlog\cl.write.1.tlog
d:\programming\sp\лабораторная работа №4\lab01\os13_htcom\x64\debug\os13_htcom.tlog\link.command.1.tlog
d:\programming\sp\лабораторная работа №4\lab01\os13_htcom\x64\debug\os13_htcom.tlog\link.read.1.tlog
d:\programming\sp\лабораторная работа №4\lab01\os13_htcom\x64\debug\os13_htcom.tlog\link.secondary.1.tlog
d:\programming\sp\лабораторная работа №4\lab01\os13_htcom\x64\debug\os13_htcom.tlog\link.write.1.tlog
