c:\users\lenovo\desktop\university\лабораторные работы\сп\лабораторная работа №4\lab01\os_0402\x64\debug\vc143.pdb
c:\users\lenovo\desktop\university\лабораторные работы\сп\лабораторная работа №4\lab01\os_0402\x64\debug\vc143.idb
c:\users\lenovo\desktop\university\лабораторные работы\сп\лабораторная работа №4\lab01\os_0402\x64\debug\os_0402.obj
c:\users\lenovo\desktop\university\лабораторные работы\сп\лабораторная работа №4\lab01\x64\debug\os_0402.exe
c:\users\lenovo\desktop\university\лабораторные работы\сп\лабораторная работа №4\lab01\x64\debug\os_0402.pdb
c:\users\lenovo\desktop\university\лабораторные работы\сп\лабораторная работа №4\lab01\os_0402\x64\debug\os_0402.ilk
d:\programming\sp\лабораторная работа №4\lab01\os_0402\x64\debug\os_0402.obj
d:\programming\sp\лабораторная работа №4\lab01\os_0402\x64\debug\os_0402.ilk
d:\programming\sp\лабораторная работа №4\lab01\os_0402\x64\debug\vc143.idb
d:\programming\sp\лабораторная работа №4\lab01\os_0402\x64\debug\vc143.pdb
d:\programming\sp\лабораторная работа №4\lab01\x64\debug\os_0402.pdb
d:\programming\sp\лабораторная работа №4\lab01\x64\debug\os_0402.exe
d:\programming\sp\лабораторная работа №4\lab01\os_0402\x64\debug\os_0402.tlog\cl.command.1.tlog
d:\programming\sp\лабораторная работа №4\lab01\os_0402\x64\debug\os_0402.tlog\cl.items.tlog
d:\programming\sp\лабораторная работа №4\lab01\os_0402\x64\debug\os_0402.tlog\cl.read.1.tlog
d:\programming\sp\лабораторная работа №4\lab01\os_0402\x64\debug\os_0402.tlog\cl.write.1.tlog
d:\programming\sp\лабораторная работа №4\lab01\os_0402\x64\debug\os_0402.tlog\link.command.1.tlog
d:\programming\sp\лабораторная работа №4\lab01\os_0402\x64\debug\os_0402.tlog\link.read.1.tlog
d:\programming\sp\лабораторная работа №4\lab01\os_0402\x64\debug\os_0402.tlog\link.secondary.1.tlog
d:\programming\sp\лабораторная работа №4\lab01\os_0402\x64\debug\os_0402.tlog\link.write.1.tlog
