c:\users\lenovo\desktop\university\лабораторные работы\сп\лабораторная работа №2\lab01\os11_htapi\x64\debug\os11_htapi.pch
c:\users\lenovo\desktop\university\лабораторные работы\сп\лабораторная работа №2\lab01\os11_htapi\x64\debug\vc143.pdb
c:\users\lenovo\desktop\university\лабораторные работы\сп\лабораторная работа №2\lab01\os11_htapi\x64\debug\vc143.idb
c:\users\lenovo\desktop\university\лабораторные работы\сп\лабораторная работа №2\lab01\os11_htapi\x64\debug\pch.obj
c:\users\lenovo\desktop\university\лабораторные работы\сп\лабораторная работа №2\lab01\os11_htapi\x64\debug\os11_htapi.obj
c:\users\lenovo\desktop\university\лабораторные работы\сп\лабораторная работа №2\lab01\x64\debug\os11_htapi.dll
c:\users\lenovo\desktop\university\лабораторные работы\сп\лабораторная работа №2\lab01\x64\debug\os11_htapi.pdb
c:\users\lenovo\desktop\university\лабораторные работы\сп\лабораторная работа №2\lab01\x64\debug\os11_htapi.lib
c:\users\lenovo\desktop\university\лабораторные работы\сп\лабораторная работа №2\lab01\x64\debug\os11_htapi.exp
c:\users\lenovo\desktop\university\лабораторные работы\сп\лабораторная работа №2\lab01\os11_htapi\x64\debug\os11_htapi.ilk
d:\programming\sp\лабораторная работа №4\lab01\os11_htapi\x64\debug\os11_htapi.obj
d:\programming\sp\лабораторная работа №4\lab01\os11_htapi\x64\debug\pch.obj
d:\programming\sp\лабораторная работа №4\lab01\os11_htapi\x64\debug\os11_htapi.ilk
d:\programming\sp\лабораторная работа №4\lab01\os11_htapi\x64\debug\os11_htapi.pch
d:\programming\sp\лабораторная работа №4\lab01\os11_htapi\x64\debug\vc143.idb
d:\programming\sp\лабораторная работа №4\lab01\os11_htapi\x64\debug\vc143.pdb
d:\programming\sp\лабораторная работа №4\lab01\x64\debug\os11_htapi.pdb
d:\programming\sp\лабораторная работа №4\lab01\x64\debug\os11_htapi.dll
d:\programming\sp\лабораторная работа №4\lab01\os11_htapi\x64\debug\os11_htapi.tlog\cl.command.1.tlog
d:\programming\sp\лабораторная работа №4\lab01\os11_htapi\x64\debug\os11_htapi.tlog\cl.items.tlog
d:\programming\sp\лабораторная работа №4\lab01\os11_htapi\x64\debug\os11_htapi.tlog\cl.read.1.tlog
d:\programming\sp\лабораторная работа №4\lab01\os11_htapi\x64\debug\os11_htapi.tlog\cl.write.1.tlog
d:\programming\sp\лабораторная работа №4\lab01\os11_htapi\x64\debug\os11_htapi.tlog\link.command.1.tlog
d:\programming\sp\лабораторная работа №4\lab01\os11_htapi\x64\debug\os11_htapi.tlog\link.read.1.tlog
d:\programming\sp\лабораторная работа №4\lab01\os11_htapi\x64\debug\os11_htapi.tlog\link.secondary.1.tlog
d:\programming\sp\лабораторная работа №4\lab01\os11_htapi\x64\debug\os11_htapi.tlog\link.write.1.tlog
