c:\users\lenovo\desktop\university\лабораторные работы\сп\лабораторная работа №4\lab01\os13_stop\x64\debug\vc143.pdb
c:\users\lenovo\desktop\university\лабораторные работы\сп\лабораторная работа №4\lab01\os13_stop\x64\debug\vc143.idb
c:\users\lenovo\desktop\university\лабораторные работы\сп\лабораторная работа №4\lab01\os13_stop\x64\debug\os13_stop.obj
c:\users\lenovo\desktop\university\лабораторные работы\сп\лабораторная работа №4\lab01\x64\debug\os13_stop.exe
c:\users\lenovo\desktop\university\лабораторные работы\сп\лабораторная работа №4\lab01\x64\debug\os13_stop.pdb
c:\users\lenovo\desktop\university\лабораторные работы\сп\лабораторная работа №4\lab01\os13_stop\x64\debug\os13_stop.ilk
d:\programming\sp\лабораторная работа №4\lab01\os13_stop\x64\debug\os13_stop.obj
d:\programming\sp\лабораторная работа №4\lab01\os13_stop\x64\debug\os13_stop.ilk
d:\programming\sp\лабораторная работа №4\lab01\os13_stop\x64\debug\vc143.idb
d:\programming\sp\лабораторная работа №4\lab01\os13_stop\x64\debug\vc143.pdb
d:\programming\sp\лабораторная работа №4\lab01\x64\debug\os13_stop.pdb
d:\programming\sp\лабораторная работа №4\lab01\x64\debug\os13_stop.exe
d:\programming\sp\лабораторная работа №4\lab01\os13_stop\x64\debug\os13_stop.tlog\cl.command.1.tlog
d:\programming\sp\лабораторная работа №4\lab01\os13_stop\x64\debug\os13_stop.tlog\cl.items.tlog
d:\programming\sp\лабораторная работа №4\lab01\os13_stop\x64\debug\os13_stop.tlog\cl.read.1.tlog
d:\programming\sp\лабораторная работа №4\lab01\os13_stop\x64\debug\os13_stop.tlog\cl.write.1.tlog
d:\programming\sp\лабораторная работа №4\lab01\os13_stop\x64\debug\os13_stop.tlog\link.command.1.tlog
d:\programming\sp\лабораторная работа №4\lab01\os13_stop\x64\debug\os13_stop.tlog\link.read.1.tlog
d:\programming\sp\лабораторная работа №4\lab01\os13_stop\x64\debug\os13_stop.tlog\link.secondary.1.tlog
d:\programming\sp\лабораторная работа №4\lab01\os13_stop\x64\debug\os13_stop.tlog\link.write.1.tlog
