c:\users\lenovo\desktop\university\лабораторные работы\сп\лабораторная работа №4\lab01\os13_start\x64\debug\vc143.pdb
c:\users\lenovo\desktop\university\лабораторные работы\сп\лабораторная работа №4\lab01\os13_start\x64\debug\vc143.idb
c:\users\lenovo\desktop\university\лабораторные работы\сп\лабораторная работа №4\lab01\os13_start\x64\debug\os13_start.obj
c:\users\lenovo\desktop\university\лабораторные работы\сп\лабораторная работа №4\lab01\x64\debug\os13_start.exe
c:\users\lenovo\desktop\university\лабораторные работы\сп\лабораторная работа №4\lab01\x64\debug\os13_start.pdb
c:\users\lenovo\desktop\university\лабораторные работы\сп\лабораторная работа №4\lab01\os13_start\x64\debug\os13_start.ilk
d:\programming\sp\лабораторная работа №4\lab01\os13_start\x64\debug\os13_start.obj
d:\programming\sp\лабораторная работа №4\lab01\os13_start\x64\debug\os13_start.ilk
d:\programming\sp\лабораторная работа №4\lab01\os13_start\x64\debug\vc143.idb
d:\programming\sp\лабораторная работа №4\lab01\os13_start\x64\debug\vc143.pdb
d:\programming\sp\лабораторная работа №4\lab01\x64\debug\os13_start.pdb
d:\programming\sp\лабораторная работа №4\lab01\x64\debug\os13_start.exe
d:\programming\sp\лабораторная работа №4\lab01\os13_start\x64\debug\os13_start.tlog\cl.command.1.tlog
d:\programming\sp\лабораторная работа №4\lab01\os13_start\x64\debug\os13_start.tlog\cl.items.tlog
d:\programming\sp\лабораторная работа №4\lab01\os13_start\x64\debug\os13_start.tlog\cl.read.1.tlog
d:\programming\sp\лабораторная работа №4\lab01\os13_start\x64\debug\os13_start.tlog\cl.write.1.tlog
d:\programming\sp\лабораторная работа №4\lab01\os13_start\x64\debug\os13_start.tlog\link.command.1.tlog
d:\programming\sp\лабораторная работа №4\lab01\os13_start\x64\debug\os13_start.tlog\link.read.1.tlog
d:\programming\sp\лабораторная работа №4\lab01\os13_start\x64\debug\os13_start.tlog\link.secondary.1.tlog
d:\programming\sp\лабораторная работа №4\lab01\os13_start\x64\debug\os13_start.tlog\link.write.1.tlog
