c:\users\zmorok\desktop\7 — копия\lab04\win32project1\x64\debug\vc143.pdb
c:\users\zmorok\desktop\7 — копия\lab04\win32project1\x64\debug\vc143.idb
c:\users\zmorok\desktop\7 — копия\lab04\win32project1\x64\debug\cpyramid.obj
c:\users\zmorok\desktop\7 — копия\lab04\win32project1\x64\debug\cmatrix.obj
c:\users\zmorok\desktop\7 — копия\lab04\win32project1\x64\debug\main.obj
c:\users\zmorok\desktop\7 — копия\lab04\win32project1\x64\debug\lab7.ilk
c:\users\zmorok\desktop\7 — копия\lab04\win32project1\x64\debug\win32project1.ilk
c:\users\zmorok\desktop\7 — копия\lab04\x64\debug\lab7.pdb
c:\users\zmorok\desktop\7 — копия\lab04\win32project1\x64\debug\lab7.tlog\cl.command.1.tlog
c:\users\zmorok\desktop\7 — копия\lab04\win32project1\x64\debug\lab7.tlog\cl.items.tlog
c:\users\zmorok\desktop\7 — копия\lab04\win32project1\x64\debug\lab7.tlog\cl.read.1.tlog
c:\users\zmorok\desktop\7 — копия\lab04\win32project1\x64\debug\lab7.tlog\cl.write.1.tlog
c:\users\zmorok\desktop\7 — копия\lab04\win32project1\x64\debug\lab7.tlog\link-cvtres.read.1.tlog
c:\users\zmorok\desktop\7 — копия\lab04\win32project1\x64\debug\lab7.tlog\link-cvtres.write.1.tlog
c:\users\zmorok\desktop\7 — копия\lab04\win32project1\x64\debug\lab7.tlog\link-mt.read.1.tlog
c:\users\zmorok\desktop\7 — копия\lab04\win32project1\x64\debug\lab7.tlog\link-mt.write.1.tlog
c:\users\zmorok\desktop\7 — копия\lab04\win32project1\x64\debug\lab7.tlog\link-rc.read.1.tlog
c:\users\zmorok\desktop\7 — копия\lab04\win32project1\x64\debug\lab7.tlog\link-rc.write.1.tlog
c:\users\zmorok\desktop\7 — копия\lab04\win32project1\x64\debug\lab7.tlog\link.22832-cvtres.read.1.tlog
c:\users\zmorok\desktop\7 — копия\lab04\win32project1\x64\debug\lab7.tlog\link.22832-cvtres.write.1.tlog
c:\users\zmorok\desktop\7 — копия\lab04\win32project1\x64\debug\lab7.tlog\link.22832-mt.read.1.tlog
c:\users\zmorok\desktop\7 — копия\lab04\win32project1\x64\debug\lab7.tlog\link.22832-mt.write.1.tlog
c:\users\zmorok\desktop\7 — копия\lab04\win32project1\x64\debug\lab7.tlog\link.22832-rc.read.1.tlog
c:\users\zmorok\desktop\7 — копия\lab04\win32project1\x64\debug\lab7.tlog\link.22832-rc.write.1.tlog
c:\users\zmorok\desktop\7 — копия\lab04\win32project1\x64\debug\lab7.tlog\link.22832.read.1.tlog
c:\users\zmorok\desktop\7 — копия\lab04\win32project1\x64\debug\lab7.tlog\link.22832.read.2.tlog
c:\users\zmorok\desktop\7 — копия\lab04\win32project1\x64\debug\lab7.tlog\link.22832.write.1.tlog
c:\users\zmorok\desktop\7 — копия\lab04\win32project1\x64\debug\lab7.tlog\link.command.1.tlog
c:\users\zmorok\desktop\7 — копия\lab04\win32project1\x64\debug\lab7.tlog\link.read.1.tlog
c:\users\zmorok\desktop\7 — копия\lab04\win32project1\x64\debug\lab7.tlog\link.secondary.1.tlog
c:\users\zmorok\desktop\7 — копия\lab04\win32project1\x64\debug\lab7.tlog\link.write.1.tlog
